     VMA      LMA     Size Align Out     In      Symbol
       0        0 80200000     1 . = 0x80200000
80200000 80200000      328     4 .text
80200000 80200000        e     2         /var/folders/96/s5k82x7d0f7976tj4gzyfr6r0000gn/T/kernel-bfc2b6.o:(.text.boot)
80200000 80200000        0     1                 .L0 
80200000 80200000        0     1                 .L0 
80200000 80200000        0     1                 $x
80200000 80200000        0     1                 .L0 
80200000 80200000        e     1                 boot
8020000e 8020000e        0     1                 .L0 
8020000e 8020000e        0     1                 .L0 
80200010 80200010      110     4         /var/folders/96/s5k82x7d0f7976tj4gzyfr6r0000gn/T/kernel-bfc2b6.o:(.text)
80200010 80200010        0     1                 .L0 
80200010 80200010        0     1                 .L0 
80200010 80200010        0     1                 $x
80200010 80200010        0     1                 .L0 
80200010 80200010       90     1                 kernel_entry
802000a0 802000a0        0     1                 .L0 
802000a0 802000a0        0     1                 .L0 
802000a0 802000a0        0     1                 .L0 
802000a0 802000a0        0     1                 .L0 
802000a0 802000a0        0     1                 .L0 
802000a0 802000a0       28     1                 handle_trap
802000a4 802000a4        0     1                 .L0 
802000a4 802000a4        0     1                 .L0 
802000a8 802000a8        0     1                 .L0 
802000a8 802000a8        0     1                 .L0 
802000ac 802000ac        0     1                 .L0 
802000ac 802000ac        0     1                 .L0 
802000b0 802000b0        0     1                 .L0 
802000b0 802000b0        0     1                 .L0 
802000b4 802000b4        0     1                 .L0 
802000c6 802000c6        0     1                 .L0 
802000c8 802000c8        0     1                 .L0 
802000c8 802000c8        0     1                 .L0 
802000c8 802000c8        0     1                 .L0 
802000c8 802000c8        0     1                 .L0 
802000c8 802000c8        0     1                 .L0 
802000c8 802000c8        6     1                 sbi_call
802000cc 802000cc        0     1                 .L0 
802000cc 802000cc        0     1                 .L0 
802000ce 802000ce        0     1                 .L0 
802000ce 802000ce        0     1                 .L0 
802000ce 802000ce        0     1                 .L0 
802000ce 802000ce       14     1                 putchar
802000e0 802000e0        0     1                 .L0 
802000e0 802000e0        0     1                 .L0 
802000e2 802000e2        0     1                 .L0 
802000e2 802000e2        0     1                 .L0 
802000e2 802000e2        0     1                 .L0 
802000e2 802000e2       3e     1                 main
802000e6 802000e6        0     1                 .L0 
802000fc 802000fc        0     1                 .L0 
802000fc 802000fc        0     1                 .L0 
8020010c 8020010c        0     1                 .L0 
8020010c 8020010c        0     1                 .L0 
80200114 80200114        0     1                 .L0 
80200118 80200118        0     1                 .L0 
80200118 80200118        0     1                 .L0 
8020011a 8020011a        0     1                 .L0 
8020011e 8020011e        0     1                 .L0 
80200120 80200120        0     1                 .L0 
80200120 80200120        0     1                 .L0 
80200120 80200120      208     2         /var/folders/96/s5k82x7d0f7976tj4gzyfr6r0000gn/T/common-31991e.o:(.text)
80200120 80200120        0     1                 .L0 
80200120 80200120        0     1                 .L0 
80200120 80200120        0     1                 $x
80200120 80200120        0     1                 .L0 
80200120 80200120       12     1                 memset
80200124 80200124        0     1                 .L0 
8020012c 8020012c        0     1                 .L0 
80200130 80200130        0     1                 .L0 
80200132 80200132        0     1                 .L0 
80200132 80200132        0     1                 .L0 
80200132 80200132        0     1                 .L0 
80200132 80200132       18     1                 memcpy
80200136 80200136        0     1                 .L0 
80200144 80200144        0     1                 .L0 
80200148 80200148        0     1                 .L0 
8020014a 8020014a        0     1                 .L0 
8020014a 8020014a        0     1                 .L0 
8020014a 8020014a        0     1                 .L0 
8020014a 8020014a       20     1                 strcpy
80200150 80200150        0     1                 .L0 
80200154 80200154        0     1                 .L0 
80200160 80200160        0     1                 .L0 
80200164 80200164        0     1                 .L0 
80200168 80200168        0     1                 .L0 
8020016a 8020016a        0     1                 .L0 
8020016a 8020016a        0     1                 .L0 
8020016a 8020016a        0     1                 .L0 
8020016a 8020016a       24     1                 strcmp
8020016e 8020016e        0     1                 .L0 
80200170 80200170        0     1                 .L0 
80200176 80200176        0     1                 .L0 
8020017a 8020017a        0     1                 .L0 
80200180 80200180        0     1                 .L0 
80200184 80200184        0     1                 .L0 
8020018c 8020018c        0     1                 .L0 
8020018e 8020018e        0     1                 .L0 
8020018e 8020018e        0     1                 .L0 
8020018e 8020018e        0     1                 .L0 
8020018e 8020018e      19a     1                 printf
802001aa 802001aa        0     1                 .L0 
802001d8 802001d8        0     1                 .L0 
802001e4 802001e4        0     1                 .L0 
802001e4 802001e4        0     1                 .L0 
802001e8 802001e8        0     1                 .L0 
802001e8 802001e8        0     1                 .L0 
802001ea 802001ea        0     1                 .L0 
802001ea 802001ea        0     1                 .L0 
802001ea 802001ea        0     1                 .L0 
802001ec 802001ec        0     1                 .L0 
802001f0 802001f0        0     1                 .L0 
802001f4 802001f4        0     1                 .L0 
802001fa 802001fa        0     1                 .L0 
8020020a 8020020a        0     1                 .L0 
8020020a 8020020a        0     1                 .L0 
80200216 80200216        0     1                 .L0 
80200216 80200216        0     1                 .L0 
8020021a 8020021a        0     1                 .L0 
8020021a 8020021a        0     1                 .L0 
8020021c 8020021c        0     1                 .L0 
80200222 80200222        0     1                 .L0 
80200222 80200222        0     1                 .L0 
8020022a 8020022a        0     1                 .L0 
8020022a 8020022a        0     1                 .L0 
80200234 80200234        0     1                 .L0 
80200238 80200238        0     1                 .L0 
8020023c 8020023c        0     1                 .L0 
8020023c 8020023c        0     1                 .L0 
8020023c 8020023c        0     1                 .L0 
80200242 80200242        0     1                 .L0 
80200242 80200242        0     1                 .L0 
80200246 80200246        0     1                 .L0 
80200248 80200248        0     1                 .L0 
8020024c 8020024c        0     1                 .L0 
8020024c 8020024c        0     1                 .L0 
8020024c 8020024c        0     1                 .L0 
80200256 80200256        0     1                 .L0 
80200256 80200256        0     1                 .L0 
8020025a 8020025a        0     1                 .L0 
8020025a 8020025a        0     1                 .L0 
8020025c 8020025c        0     1                 .L0 
80200260 80200260        0     1                 .L0 
80200262 80200262        0     1                 .L0 
80200262 80200262        0     1                 .L0 
80200268 80200268        0     1                 .L0 
80200268 80200268        0     1                 .L0 
8020026a 8020026a        0     1                 .L0 
8020026e 8020026e        0     1                 .L0 
80200270 80200270        0     1                 .L0 
80200270 80200270        0     1                 .L0 
80200276 80200276        0     1                 .L0 
80200276 80200276        0     1                 .L0 
80200278 80200278        0     1                 .L0 
8020027c 8020027c        0     1                 .L0 
8020027e 8020027e        0     1                 .L0 
8020027e 8020027e        0     1                 .L0 
80200284 80200284        0     1                 .L0 
80200284 80200284        0     1                 .L0 
80200286 80200286        0     1                 .L0 
8020028a 8020028a        0     1                 .L0 
8020028c 8020028c        0     1                 .L0 
8020028c 8020028c        0     1                 .L0 
80200292 80200292        0     1                 .L0 
80200292 80200292        0     1                 .L0 
80200294 80200294        0     1                 .L0 
80200298 80200298        0     1                 .L0 
8020029a 8020029a        0     1                 .L0 
8020029a 8020029a        0     1                 .L0 
802002a0 802002a0        0     1                 .L0 
802002a0 802002a0        0     1                 .L0 
802002a2 802002a2        0     1                 .L0 
802002a6 802002a6        0     1                 .L0 
802002a8 802002a8        0     1                 .L0 
802002a8 802002a8        0     1                 .L0 
802002ae 802002ae        0     1                 .L0 
802002ae 802002ae        0     1                 .L0 
802002b0 802002b0        0     1                 .L0 
802002b4 802002b4        0     1                 .L0 
802002b6 802002b6        0     1                 .L0 
802002b6 802002b6        0     1                 .L0 
802002b8 802002b8        0     1                 .L0 
802002ba 802002ba        0     1                 .L0 
802002be 802002be        0     1                 .L0 
802002be 802002be        0     1                 .L0 
802002c0 802002c0        0     1                 .L0 
802002c0 802002c0        0     1                 .L0 
802002c0 802002c0        0     1                 .L0 
802002c6 802002c6        0     1                 .L0 
802002c6 802002c6        0     1                 .L0 
802002c6 802002c6        0     1                 .L0 
802002cc 802002cc        0     1                 .L0 
802002cc 802002cc        0     1                 .L0 
802002d0 802002d0        0     1                 .L0 
802002d2 802002d2        0     1                 .L0 
802002d6 802002d6        0     1                 .L0 
802002d6 802002d6        0     1                 .L0 
802002d6 802002d6        0     1                 .L0 
802002dc 802002dc        0     1                 .L0 
802002de 802002de        0     1                 .L0 
802002e2 802002e2        0     1                 .L0 
802002e6 802002e6        0     1                 .L0 
802002e6 802002e6        0     1                 .L0 
802002e6 802002e6        0     1                 .L0 
802002e8 802002e8        0     1                 .L0 
802002e8 802002e8        0     1                 .L0 
802002ec 802002ec        0     1                 .L0 
802002f0 802002f0        0     1                 .L0 
802002f6 802002f6        0     1                 .L0 
802002f6 802002f6        0     1                 .L0 
80200304 80200304        0     1                 .L0 
80200304 80200304        0     1                 .L0 
8020030a 8020030a        0     1                 .L0 
8020030a 8020030a        0     1                 .L0 
8020030a 8020030a        0     1                 .L0 
8020030e 8020030e        0     1                 .L0 
80200324 80200324        0     1                 .L0 
80200328 80200328        0     1                 .L0 
80200328 80200328        0     1                 .L0 
80200328 80200328       67     4 .rodata
80200328 80200328       67     1         <internal>:(.rodata.str1.1)
80200390 80200390        0     4 .bss
80200390 80200390        0     1         __bss = .
80200390 80200390        0     1         __bss_end = .
80200390 80200390        0     1 . = ALIGN(16)
80200390 80200390    20000     1 . += 128 * 1024
80220390 80220390        0     1 __stack_top = .
       0        0      218     1 .debug_loclists
       0        0       8c     1         /var/folders/96/s5k82x7d0f7976tj4gzyfr6r0000gn/T/kernel-bfc2b6.o:(.debug_loclists)
       0        0        0     1                 $d
       c        c        0     1                 .L0 
      8c       8c      18c     1         /var/folders/96/s5k82x7d0f7976tj4gzyfr6r0000gn/T/common-31991e.o:(.debug_loclists)
      8c       8c        0     1                 $d
      98       98        0     1                 .L0 
       0        0      2cd     1 .debug_abbrev
       0        0      19e     1         /var/folders/96/s5k82x7d0f7976tj4gzyfr6r0000gn/T/kernel-bfc2b6.o:(.debug_abbrev)
       0        0        0     1                 $d
     19e      19e      12f     1         /var/folders/96/s5k82x7d0f7976tj4gzyfr6r0000gn/T/common-31991e.o:(.debug_abbrev)
     19e      19e        0     1                 $d
       0        0      641     1 .debug_info
       0        0      41d     1         /var/folders/96/s5k82x7d0f7976tj4gzyfr6r0000gn/T/kernel-bfc2b6.o:(.debug_info)
       0        0        0     1                 $d
     41d      41d      224     1         /var/folders/96/s5k82x7d0f7976tj4gzyfr6r0000gn/T/common-31991e.o:(.debug_info)
     41d      41d        0     1                 $d
       0        0       33     1 .debug_rnglists
       0        0       18     1         /var/folders/96/s5k82x7d0f7976tj4gzyfr6r0000gn/T/kernel-bfc2b6.o:(.debug_rnglists)
       0        0        0     1                 $d
       c        c        0     1                 .L0 
      18       18       1b     1         /var/folders/96/s5k82x7d0f7976tj4gzyfr6r0000gn/T/common-31991e.o:(.debug_rnglists)
      18       18        0     1                 $d
      24       24        0     1                 .L0 
       0        0      19c     1 .debug_str_offsets
       0        0      10c     1         /var/folders/96/s5k82x7d0f7976tj4gzyfr6r0000gn/T/kernel-bfc2b6.o:(.debug_str_offsets)
       0        0        0     1                 $d
       8        8        0     1                 .L0 
     10c      10c       90     1         /var/folders/96/s5k82x7d0f7976tj4gzyfr6r0000gn/T/common-31991e.o:(.debug_str_offsets)
     10c      10c        0     1                 $d
     114      114        0     1                 .L0 
       0        0      210     1 .debug_str
       0        0      210     1         <internal>:(.debug_str)
       0        0       a0     1 .debug_addr
       0        0       44     1         /var/folders/96/s5k82x7d0f7976tj4gzyfr6r0000gn/T/kernel-bfc2b6.o:(.debug_addr)
       0        0        0     1                 $d
       8        8        0     1                 .L0 
      44       44       5c     1         /var/folders/96/s5k82x7d0f7976tj4gzyfr6r0000gn/T/common-31991e.o:(.debug_addr)
      44       44        0     1                 $d
      4c       4c        0     1                 .L0 
       0        0       3b     1 .comment
       0        0       3b     1         <internal>:(.comment)
       0        0       4e     1 .riscv.attributes
       0        0       4e     1         <internal>:(.riscv.attributes)
       0        0      11c     4 .debug_frame
       0        0       84     4         /var/folders/96/s5k82x7d0f7976tj4gzyfr6r0000gn/T/kernel-bfc2b6.o:(.debug_frame)
       0        0        0     1                 .L0 
       0        0        0     1                 $d
      84       84       98     4         /var/folders/96/s5k82x7d0f7976tj4gzyfr6r0000gn/T/common-31991e.o:(.debug_frame)
      84       84        0     1                 .L0 
      84       84        0     1                 $d
       0        0      3e0     1 .debug_line
       0        0      108     1         /var/folders/96/s5k82x7d0f7976tj4gzyfr6r0000gn/T/kernel-bfc2b6.o:(.debug_line)
       0        0        0     1                 .Lline_table_start0
       0        0        0     1                 $d
     108      108      2d8     1         /var/folders/96/s5k82x7d0f7976tj4gzyfr6r0000gn/T/common-31991e.o:(.debug_line)
     108      108        0     1                 .Lline_table_start0
     108      108        0     1                 $d
       0        0       53     1 .debug_line_str
       0        0       53     1         <internal>:(.debug_line_str)
       0        0      2e0     4 .symtab
       0        0      2e0     4         <internal>:(.symtab)
       0        0       d6     1 .shstrtab
       0        0       d6     1         <internal>:(.shstrtab)
       0        0       dd     1 .strtab
       0        0       dd     1         <internal>:(.strtab)
