     VMA      LMA     Size Align Out     In      Symbol
       0        0 80200000     1 . = 0x80200000
80200000 80200000      9f2     4 .text
80200000 80200000        e     2         /var/folders/96/s5k82x7d0f7976tj4gzyfr6r0000gn/T/kernel-5ae4bc.o:(.text.boot)
80200000 80200000        0     1                 .L0 
80200000 80200000        0     1                 .L0 
80200000 80200000        0     1                 $x
80200000 80200000        0     1                 .L0 
80200000 80200000        e     1                 boot
8020000e 8020000e        0     1                 .L0 
8020000e 8020000e        0     1                 .L0 
80200010 80200010      7da     4         /var/folders/96/s5k82x7d0f7976tj4gzyfr6r0000gn/T/kernel-5ae4bc.o:(.text)
80200010 80200010        0     1                 .L0 
80200010 80200010        0     1                 .L0 
80200010 80200010        0     1                 $x
80200010 80200010        0     1                 .L0 
80200010 80200010       f8     1                 create_process
8020001e 8020001e        0     1                 .L0 
80200020 80200020        0     1                 .L0 
80200020 80200020        0     1                 .L0 
80200028 80200028        0     1                 .L0 
8020002a 8020002a        0     1                 .L0 
8020002a 8020002a        0     1                 .L0 
80200032 80200032        0     1                 .L0 
80200034 80200034        0     1                 .L0 
80200034 80200034        0     1                 .L0 
8020003c 8020003c        0     1                 .L0 
8020003e 8020003e        0     1                 .L0 
8020003e 8020003e        0     1                 .L0 
80200046 80200046        0     1                 .L0 
80200048 80200048        0     1                 .L0 
80200048 80200048        0     1                 .L0 
80200050 80200050        0     1                 .L0 
80200052 80200052        0     1                 .L0 
80200052 80200052        0     1                 .L0 
8020005a 8020005a        0     1                 .L0 
8020005c 8020005c        0     1                 .L0 
8020005c 8020005c        0     1                 .L0 
80200064 80200064        0     1                 .L0 
80200068 80200068        0     1                 .L0 
8020006a 8020006a        0     1                 .L0 
8020006a 8020006a        0     1                 .L0 
8020006a 8020006a        0     1                 .L0 
8020006e 8020006e        0     1                 .L0 
8020007e 8020007e        0     1                 .L0 
8020007e 8020007e        0     1                 .L0 
80200080 80200080        0     1                 .L0 
80200082 80200082        0     1                 .L0 
80200084 80200084        0     1                 .L0 
80200084 80200084        0     1                 .L0 
80200084 80200084        0     1                 .L0 
8020008c 8020008c        0     1                 .L0 
8020008c 8020008c        0     1                 .L0 
80200092 80200092        0     1                 .L0 
80200094 80200094        0     1                 .L0 
80200094 80200094        0     1                 .L0 
80200094 80200094        0     1                 .L0 
8020009c 8020009c        0     1                 .L0 
8020009e 8020009e        0     1                 .L0 
8020009e 8020009e        0     1                 .L0 
8020009e 8020009e        0     1                 .L0 
802000a6 802000a6        0     1                 .L0 
802000a8 802000a8        0     1                 .L0 
802000a8 802000a8        0     1                 .L0 
802000a8 802000a8        0     1                 .L0 
802000b0 802000b0        0     1                 .L0 
802000b2 802000b2        0     1                 .L0 
802000b2 802000b2        0     1                 .L0 
802000b2 802000b2        0     1                 .L0 
802000ba 802000ba        0     1                 .L0 
802000bc 802000bc        0     1                 .L0 
802000bc 802000bc        0     1                 .L0 
802000bc 802000bc        0     1                 .L0 
802000c4 802000c4        0     1                 .L0 
802000c4 802000c4        0     1                 .L0 
802000ca 802000ca        0     1                 .L0 
802000cc 802000cc        0     1                 .L0 
802000d0 802000d0        0     1                 .L0 
802000d4 802000d4        0     1                 .L0 
802000d8 802000d8        0     1                 .L0 
802000dc 802000dc        0     1                 .L0 
802000e0 802000e0        0     1                 .L0 
802000e4 802000e4        0     1                 .L0 
802000e8 802000e8        0     1                 .L0 
802000ec 802000ec        0     1                 .L0 
802000ee 802000ee        0     1                 .L0 
802000f2 802000f2        0     1                 .L0 
802000f6 802000f6        0     1                 .L0 
802000fa 802000fa        0     1                 .L0 
802000fe 802000fe        0     1                 .L0 
80200104 80200104        0     1                 .L0 
80200106 80200106        0     1                 .L0 
80200108 80200108        0     1                 .L0 
80200108 80200108        0     1                 .L0 
80200108 80200108        0     1                 .L0 
80200108 80200108        0     1                 .L0 
80200108 80200108        0     1                 .L0 
80200108 80200108       46     1                 switch_context
8020014e 8020014e        0     1                 .L0 
8020014e 8020014e        0     1                 .L0 
8020014e 8020014e        0     1                 .L0 
8020014e 8020014e      162     1                 yield
80200156 80200156        0     1                 .L0 
80200156 80200156        0     1                 .L0 
8020015e 8020015e        0     1                 .L0 
8020015e 8020015e        0     1                 .L0 
8020016c 8020016c        0     1                 .L0 
8020017a 8020017a        0     1                 .L0 
8020017a 8020017a        0     1                 .L0 
8020017c 8020017c        0     1                 .L0 
8020017c 8020017c        0     1                 .L0 
80200180 80200180        0     1                 .L0 
80200180 80200180        0     1                 .L0 
80200182 80200182        0     1                 .L0 
80200182 80200182        0     1                 .L0 
80200186 80200186        0     1                 .L0 
80200188 80200188        0     1                 .L0 
8020018c 8020018c        0     1                 .L0 
8020018c 8020018c        0     1                 .L0 
80200194 80200194        0     1                 .L0 
802001a2 802001a2        0     1                 .L0 
802001a4 802001a4        0     1                 .L0 
802001a8 802001a8        0     1                 .L0 
802001aa 802001aa        0     1                 .L0 
802001ae 802001ae        0     1                 .L0 
802001ae 802001ae        0     1                 .L0 
802001c6 802001c6        0     1                 .L0 
802001c8 802001c8        0     1                 .L0 
802001cc 802001cc        0     1                 .L0 
802001d0 802001d0        0     1                 .L0 
802001d2 802001d2        0     1                 .L0 
802001d6 802001d6        0     1                 .L0 
802001d6 802001d6        0     1                 .L0 
802001de 802001de        0     1                 .L0 
802001ec 802001ec        0     1                 .L0 
802001ee 802001ee        0     1                 .L0 
802001f2 802001f2        0     1                 .L0 
802001f4 802001f4        0     1                 .L0 
802001f8 802001f8        0     1                 .L0 
802001f8 802001f8        0     1                 .L0 
80200210 80200210        0     1                 .L0 
80200212 80200212        0     1                 .L0 
80200216 80200216        0     1                 .L0 
8020021a 8020021a        0     1                 .L0 
8020021c 8020021c        0     1                 .L0 
80200220 80200220        0     1                 .L0 
80200220 80200220        0     1                 .L0 
80200228 80200228        0     1                 .L0 
80200236 80200236        0     1                 .L0 
80200238 80200238        0     1                 .L0 
8020023c 8020023c        0     1                 .L0 
8020023e 8020023e        0     1                 .L0 
80200242 80200242        0     1                 .L0 
80200242 80200242        0     1                 .L0 
8020025a 8020025a        0     1                 .L0 
8020025c 8020025c        0     1                 .L0 
80200260 80200260        0     1                 .L0 
80200264 80200264        0     1                 .L0 
80200266 80200266        0     1                 .L0 
8020026a 8020026a        0     1                 .L0 
8020026a 8020026a        0     1                 .L0 
8020027c 8020027c        0     1                 .L0 
8020027e 8020027e        0     1                 .L0 
80200280 80200280        0     1                 .L0 
80200284 80200284        0     1                 .L0 
80200286 80200286        0     1                 .L0 
8020028a 8020028a        0     1                 .L0 
8020028a 8020028a        0     1                 .L0 
8020028c 8020028c        0     1                 .L0 
8020028c 8020028c        0     1                 .L0 
80200290 80200290        0     1                 .L0 
80200292 80200292        0     1                 .L0 
80200298 80200298        0     1                 .L0 
8020029a 8020029a        0     1                 .L0 
8020029e 8020029e        0     1                 .L0 
802002a2 802002a2        0     1                 .L0 
802002a2 802002a2        0     1                 .L0 
802002a4 802002a4        0     1                 .L0 
802002a4 802002a4        0     1                 .L0 
802002a8 802002a8        0     1                 .L0 
802002ac 802002ac        0     1                 .L0 
802002ac 802002ac        0     1                 .L0 
802002ae 802002ae        0     1                 .L0 
802002ae 802002ae        0     1                 .L0 
802002b0 802002b0        0     1                 .L0 
802002b0 802002b0        0     1                 .L0 
802002b0 802002b0        0     1                 .L0 
802002b0 802002b0        0     1                 .L0 
802002b0 802002b0        0     1                 .L0 
802002b0 802002b0       96     1                 kernel_entry
80200346 80200346        0     1                 .L0 
80200346 80200346        0     1                 .L0 
80200346 80200346        0     1                 .L0 
80200346 80200346        0     1                 .L0 
80200346 80200346        0     1                 .L0 
80200346 80200346       28     1                 handle_trap
8020034a 8020034a        0     1                 .L0 
8020034a 8020034a        0     1                 .L0 
8020034e 8020034e        0     1                 .L0 
8020034e 8020034e        0     1                 .L0 
80200352 80200352        0     1                 .L0 
80200352 80200352        0     1                 .L0 
80200356 80200356        0     1                 .L0 
80200356 80200356        0     1                 .L0 
8020035a 8020035a        0     1                 .L0 
8020036c 8020036c        0     1                 .L0 
8020036e 8020036e        0     1                 .L0 
8020036e 8020036e        0     1                 .L0 
8020036e 8020036e        0     1                 .L0 
8020036e 8020036e        0     1                 .L0 
8020036e 8020036e        0     1                 .L0 
8020036e 8020036e        6     1                 sbi_call
80200372 80200372        0     1                 .L0 
80200372 80200372        0     1                 .L0 
80200374 80200374        0     1                 .L0 
80200374 80200374        0     1                 .L0 
80200374 80200374        0     1                 .L0 
80200374 80200374       14     1                 putchar
80200386 80200386        0     1                 .L0 
80200386 80200386        0     1                 .L0 
80200388 80200388        0     1                 .L0 
80200388 80200388        0     1                 .L0 
80200388 80200388        0     1                 .L0 
80200388 80200388       4e     1                 allocate_pages
8020038e 8020038e        0     1                 .L0 
8020038e 8020038e        0     1                 .L0 
80200396 80200396        0     1                 .L0 
80200396 80200396        0     1                 .L0 
8020039a 8020039a        0     1                 .L0 
8020039e 8020039e        0     1                 .L0 
8020039e 8020039e        0     1                 .L0 
802003a6 802003a6        0     1                 .L0 
802003aa 802003aa        0     1                 .L0 
802003ae 802003ae        0     1                 .L0 
802003c4 802003c4        0     1                 .L0 
802003c6 802003c6        0     1                 .L0 
802003c6 802003c6        0     1                 .L0 
802003cc 802003cc        0     1                 .L0 
802003cc 802003cc        0     1                 .L0 
802003ce 802003ce        0     1                 .L0 
802003d2 802003d2        0     1                 .L0 
802003d2 802003d2        0     1                 .L0 
802003d6 802003d6        0     1                 .L0 
802003d6 802003d6        0     1                 .L0 
802003d6 802003d6        0     1                 .L0 
802003d6 802003d6        0     1                 .L0 
802003d6 802003d6        0     1                 .L0 
802003d6 802003d6       10     1                 delay
802003de 802003de        0     1                 .L0 
802003e0 802003e0        0     1                 .L0 
802003e2 802003e2        0     1                 .L0 
802003e2 802003e2        0     1                 .L0 
802003e4 802003e4        0     1                 .L0 
802003e4 802003e4        0     1                 .L0 
802003e6 802003e6        0     1                 .L0 
802003e6 802003e6        0     1                 .L0 
802003e6 802003e6        0     1                 .L0 
802003e6 802003e6       3a     1                 proc_a_entry
802003ec 802003ec        0     1                 .L0 
802003f6 802003f6        0     1                 .L0 
802003f6 802003f6        0     1                 .L0 
802003fe 802003fe        0     1                 .L0 
802003fe 802003fe        0     1                 .L0 
802003fe 802003fe        0     1                 .L0 
80200414 80200414        0     1                 .L0 
80200414 80200414        0     1                 .L0 
80200416 80200416        0     1                 .L0 
80200416 80200416        0     1                 .L0 
80200418 80200418        0     1                 .L0 
8020041a 8020041a        0     1                 .L0 
8020041c 8020041c        0     1                 .L0 
8020041c 8020041c        0     1                 .L0 
80200420 80200420        0     1                 .L0 
80200420 80200420        0     1                 .L0 
80200420 80200420        0     1                 .L0 
80200420 80200420        0     1                 .L0 
80200420 80200420        0     1                 .L0 
80200420 80200420       3a     1                 proc_b_entry
80200426 80200426        0     1                 .L0 
80200430 80200430        0     1                 .L0 
80200430 80200430        0     1                 .L0 
80200438 80200438        0     1                 .L0 
80200438 80200438        0     1                 .L0 
80200438 80200438        0     1                 .L0 
8020044e 8020044e        0     1                 .L0 
8020044e 8020044e        0     1                 .L0 
80200450 80200450        0     1                 .L0 
80200450 80200450        0     1                 .L0 
80200452 80200452        0     1                 .L0 
80200454 80200454        0     1                 .L0 
80200456 80200456        0     1                 .L0 
80200456 80200456        0     1                 .L0 
8020045a 8020045a        0     1                 .L0 
8020045a 8020045a        0     1                 .L0 
8020045a 8020045a        0     1                 .L0 
8020045a 8020045a        0     1                 .L0 
8020045a 8020045a        0     1                 .L0 
8020045a 8020045a      390     1                 main
80200466 80200466        0     1                 .L0 
8020047c 8020047c        0     1                 .L0 
8020047c 8020047c        0     1                 .L0 
80200484 80200484        0     1                 .L0 
80200484 80200484        0     1                 .L0 
80200486 80200486        0     1                 .L0 
80200488 80200488        0     1                 .L0 
80200490 80200490        0     1                 .L0 
80200494 80200494        0     1                 .L0 
80200498 80200498        0     1                 .L0 
802004ae 802004ae        0     1                 .L0 
802004b0 802004b0        0     1                 .L0 
802004b0 802004b0        0     1                 .L0 
802004b8 802004b8        0     1                 .L0 
802004b8 802004b8        0     1                 .L0 
802004bc 802004bc        0     1                 .L0 
802004bc 802004bc        0     1                 .L0 
802004be 802004be        0     1                 .L0 
802004c4 802004c4        0     1                 .L0 
802004c8 802004c8        0     1                 .L0 
802004c8 802004c8        0     1                 .L0 
802004de 802004de        0     1                 .L0 
802004e0 802004e0        0     1                 .L0 
802004e0 802004e0        0     1                 .L0 
802004e8 802004e8        0     1                 .L0 
802004e8 802004e8        0     1                 .L0 
802004f4 802004f4        0     1                 .L0 
802004f4 802004f4        0     1                 .L0 
80200500 80200500        0     1                 .L0 
80200500 80200500        0     1                 .L0 
8020050c 8020050c        0     1                 .L0 
8020050e 8020050e        0     1                 .L0 
8020050e 8020050e        0     1                 .L0 
8020051e 8020051e        0     1                 .L0 
80200520 80200520        0     1                 .L0 
80200520 80200520        0     1                 .L0 
80200528 80200528        0     1                 .L0 
8020052a 8020052a        0     1                 .L0 
8020052a 8020052a        0     1                 .L0 
80200532 80200532        0     1                 .L0 
80200534 80200534        0     1                 .L0 
80200534 80200534        0     1                 .L0 
8020053c 8020053c        0     1                 .L0 
8020053e 8020053e        0     1                 .L0 
8020053e 8020053e        0     1                 .L0 
80200546 80200546        0     1                 .L0 
80200548 80200548        0     1                 .L0 
80200548 80200548        0     1                 .L0 
80200550 80200550        0     1                 .L0 
80200552 80200552        0     1                 .L0 
80200552 80200552        0     1                 .L0 
8020055a 8020055a        0     1                 .L0 
8020055c 8020055c        0     1                 .L0 
8020055c 8020055c        0     1                 .L0 
80200570 80200570        0     1                 .L0 
80200572 80200572        0     1                 .L0 
80200572 80200572        0     1                 .L0 
80200572 80200572        0     1                 .L0 
80200576 80200576        0     1                 .L0 
80200576 80200576        0     1                 .L0 
8020057a 8020057a        0     1                 .L0 
8020057a 8020057a        0     1                 .L0 
80200580 80200580        0     1                 .L0 
80200580 80200580        0     1                 .L0 
80200586 80200586        0     1                 .L0 
80200586 80200586        0     1                 .L0 
8020058c 8020058c        0     1                 .L0 
8020058c 8020058c        0     1                 .L0 
80200592 80200592        0     1                 .L0 
80200592 80200592        0     1                 .L0 
80200596 80200596        0     1                 .L0 
80200598 80200598        0     1                 .L0 
802005a0 802005a0        0     1                 .L0 
802005a0 802005a0        0     1                 .L0 
802005a4 802005a4        0     1                 .L0 
802005a4 802005a4        0     1                 .L0 
802005a8 802005a8        0     1                 .L0 
802005ac 802005ac        0     1                 .L0 
802005b0 802005b0        0     1                 .L0 
802005b4 802005b4        0     1                 .L0 
802005b8 802005b8        0     1                 .L0 
802005bc 802005bc        0     1                 .L0 
802005c0 802005c0        0     1                 .L0 
802005c4 802005c4        0     1                 .L0 
802005c8 802005c8        0     1                 .L0 
802005c8 802005c8        0     1                 .L0 
802005cc 802005cc        0     1                 .L0 
802005cc 802005cc        0     1                 .L0 
802005d0 802005d0        0     1                 .L0 
802005d4 802005d4        0     1                 .L0 
802005d8 802005d8        0     1                 .L0 
802005d8 802005d8        0     1                 .L0 
802005dc 802005dc        0     1                 .L0 
802005dc 802005dc        0     1                 .L0 
802005de 802005de        0     1                 .L0 
802005e0 802005e0        0     1                 .L0 
802005e0 802005e0        0     1                 .L0 
802005e4 802005e4        0     1                 .L0 
802005e4 802005e4        0     1                 .L0 
802005e6 802005e6        0     1                 .L0 
802005e6 802005e6        0     1                 .L0 
802005ee 802005ee        0     1                 .L0 
802005f4 802005f4        0     1                 .L0 
802005f4 802005f4        0     1                 .L0 
802005f6 802005f6        0     1                 .L0 
802005f6 802005f6        0     1                 .L0 
80200606 80200606        0     1                 .L0 
8020060e 8020060e        0     1                 .L0 
80200610 80200610        0     1                 .L0 
80200610 80200610        0     1                 .L0 
80200618 80200618        0     1                 .L0 
8020061a 8020061a        0     1                 .L0 
8020061a 8020061a        0     1                 .L0 
80200622 80200622        0     1                 .L0 
80200624 80200624        0     1                 .L0 
80200624 80200624        0     1                 .L0 
8020062c 8020062c        0     1                 .L0 
8020062e 8020062e        0     1                 .L0 
8020062e 8020062e        0     1                 .L0 
80200636 80200636        0     1                 .L0 
80200638 80200638        0     1                 .L0 
80200638 80200638        0     1                 .L0 
80200640 80200640        0     1                 .L0 
80200642 80200642        0     1                 .L0 
80200642 80200642        0     1                 .L0 
80200656 80200656        0     1                 .L0 
80200658 80200658        0     1                 .L0 
80200658 80200658        0     1                 .L0 
80200658 80200658        0     1                 .L0 
80200660 80200660        0     1                 .L0 
80200660 80200660        0     1                 .L0 
80200666 80200666        0     1                 .L0 
80200668 80200668        0     1                 .L0 
80200668 80200668        0     1                 .L0 
80200668 80200668        0     1                 .L0 
80200670 80200670        0     1                 .L0 
80200672 80200672        0     1                 .L0 
80200672 80200672        0     1                 .L0 
80200672 80200672        0     1                 .L0 
8020067a 8020067a        0     1                 .L0 
8020067c 8020067c        0     1                 .L0 
8020067c 8020067c        0     1                 .L0 
8020067c 8020067c        0     1                 .L0 
80200684 80200684        0     1                 .L0 
80200686 80200686        0     1                 .L0 
80200686 80200686        0     1                 .L0 
80200686 80200686        0     1                 .L0 
8020068e 8020068e        0     1                 .L0 
80200690 80200690        0     1                 .L0 
80200690 80200690        0     1                 .L0 
80200690 80200690        0     1                 .L0 
80200698 80200698        0     1                 .L0 
80200698 80200698        0     1                 .L0 
80200698 80200698        0     1                 .L0 
8020069a 8020069a        0     1                 .L0 
8020069a 8020069a        0     1                 .L0 
802006a2 802006a2        0     1                 .L0 
802006a2 802006a2        0     1                 .L0 
802006a6 802006a6        0     1                 .L0 
802006aa 802006aa        0     1                 .L0 
802006ae 802006ae        0     1                 .L0 
802006b2 802006b2        0     1                 .L0 
802006b6 802006b6        0     1                 .L0 
802006ba 802006ba        0     1                 .L0 
802006be 802006be        0     1                 .L0 
802006c2 802006c2        0     1                 .L0 
802006c6 802006c6        0     1                 .L0 
802006c6 802006c6        0     1                 .L0 
802006c8 802006c8        0     1                 .L0 
802006c8 802006c8        0     1                 .L0 
802006cc 802006cc        0     1                 .L0 
802006d0 802006d0        0     1                 .L0 
802006d4 802006d4        0     1                 .L0 
802006d4 802006d4        0     1                 .L0 
802006d6 802006d6        0     1                 .L0 
802006d6 802006d6        0     1                 .L0 
802006d8 802006d8        0     1                 .L0 
802006d8 802006d8        0     1                 .L0 
802006da 802006da        0     1                 .L0 
802006dc 802006dc        0     1                 .L0 
802006dc 802006dc        0     1                 .L0 
802006e0 802006e0        0     1                 .L0 
802006e8 802006e8        0     1                 .L0 
802006e8 802006e8        0     1                 .L0 
802006f2 802006f2        0     1                 .L0 
802006fa 802006fa        0     1                 .L0 
802006fc 802006fc        0     1                 .L0 
802006fc 802006fc        0     1                 .L0 
80200704 80200704        0     1                 .L0 
80200706 80200706        0     1                 .L0 
80200706 80200706        0     1                 .L0 
8020070e 8020070e        0     1                 .L0 
80200710 80200710        0     1                 .L0 
80200710 80200710        0     1                 .L0 
80200718 80200718        0     1                 .L0 
8020071a 8020071a        0     1                 .L0 
8020071a 8020071a        0     1                 .L0 
80200722 80200722        0     1                 .L0 
80200724 80200724        0     1                 .L0 
80200724 80200724        0     1                 .L0 
8020072c 8020072c        0     1                 .L0 
8020072e 8020072e        0     1                 .L0 
8020072e 8020072e        0     1                 .L0 
80200742 80200742        0     1                 .L0 
80200744 80200744        0     1                 .L0 
80200744 80200744        0     1                 .L0 
80200744 80200744        0     1                 .L0 
8020074c 8020074c        0     1                 .L0 
8020074c 8020074c        0     1                 .L0 
80200752 80200752        0     1                 .L0 
80200754 80200754        0     1                 .L0 
80200754 80200754        0     1                 .L0 
80200754 80200754        0     1                 .L0 
8020075c 8020075c        0     1                 .L0 
8020075e 8020075e        0     1                 .L0 
8020075e 8020075e        0     1                 .L0 
8020075e 8020075e        0     1                 .L0 
80200766 80200766        0     1                 .L0 
80200768 80200768        0     1                 .L0 
80200768 80200768        0     1                 .L0 
80200768 80200768        0     1                 .L0 
80200770 80200770        0     1                 .L0 
80200772 80200772        0     1                 .L0 
80200772 80200772        0     1                 .L0 
80200772 80200772        0     1                 .L0 
8020077a 8020077a        0     1                 .L0 
8020077c 8020077c        0     1                 .L0 
8020077c 8020077c        0     1                 .L0 
8020077c 8020077c        0     1                 .L0 
80200784 80200784        0     1                 .L0 
80200784 80200784        0     1                 .L0 
80200786 80200786        0     1                 .L0 
80200794 80200794        0     1                 .L0 
80200794 80200794        0     1                 .L0 
80200796 80200796        0     1                 .L0 
80200796 80200796        0     1                 .L0 
8020079a 8020079a        0     1                 .L0 
8020079e 8020079e        0     1                 .L0 
802007a2 802007a2        0     1                 .L0 
802007a6 802007a6        0     1                 .L0 
802007aa 802007aa        0     1                 .L0 
802007ae 802007ae        0     1                 .L0 
802007b2 802007b2        0     1                 .L0 
802007b6 802007b6        0     1                 .L0 
802007b6 802007b6        0     1                 .L0 
802007b8 802007b8        0     1                 .L0 
802007b8 802007b8        0     1                 .L0 
802007bc 802007bc        0     1                 .L0 
802007c0 802007c0        0     1                 .L0 
802007c4 802007c4        0     1                 .L0 
802007c8 802007c8        0     1                 .L0 
802007c8 802007c8        0     1                 .L0 
802007ca 802007ca        0     1                 .L0 
802007cc 802007cc        0     1                 .L0 
802007ce 802007ce        0     1                 .L0 
802007ce 802007ce        0     1                 .L0 
802007d0 802007d0        0     1                 .L0 
802007d2 802007d2        0     1                 .L0 
802007d2 802007d2        0     1                 .L0 
802007e8 802007e8        0     1                 .L0 
802007ea 802007ea        0     1                 .L0 
802007ea 802007ea        0     1                 .L0 
802007ea 802007ea      208     2         /var/folders/96/s5k82x7d0f7976tj4gzyfr6r0000gn/T/common-c36d09.o:(.text)
802007ea 802007ea        0     1                 .L0 
802007ea 802007ea        0     1                 .L0 
802007ea 802007ea        0     1                 $x
802007ea 802007ea        0     1                 .L0 
802007ea 802007ea       12     1                 memset
802007ee 802007ee        0     1                 .L0 
802007f6 802007f6        0     1                 .L0 
802007fa 802007fa        0     1                 .L0 
802007fc 802007fc        0     1                 .L0 
802007fc 802007fc        0     1                 .L0 
802007fc 802007fc        0     1                 .L0 
802007fc 802007fc       18     1                 memcpy
80200800 80200800        0     1                 .L0 
8020080e 8020080e        0     1                 .L0 
80200812 80200812        0     1                 .L0 
80200814 80200814        0     1                 .L0 
80200814 80200814        0     1                 .L0 
80200814 80200814        0     1                 .L0 
80200814 80200814       20     1                 strcpy
8020081a 8020081a        0     1                 .L0 
8020081e 8020081e        0     1                 .L0 
8020082a 8020082a        0     1                 .L0 
8020082e 8020082e        0     1                 .L0 
80200832 80200832        0     1                 .L0 
80200834 80200834        0     1                 .L0 
80200834 80200834        0     1                 .L0 
80200834 80200834        0     1                 .L0 
80200834 80200834       24     1                 strcmp
80200838 80200838        0     1                 .L0 
8020083a 8020083a        0     1                 .L0 
80200840 80200840        0     1                 .L0 
80200844 80200844        0     1                 .L0 
8020084a 8020084a        0     1                 .L0 
8020084e 8020084e        0     1                 .L0 
80200856 80200856        0     1                 .L0 
80200858 80200858        0     1                 .L0 
80200858 80200858        0     1                 .L0 
80200858 80200858        0     1                 .L0 
80200858 80200858      19a     1                 printf
80200874 80200874        0     1                 .L0 
802008a2 802008a2        0     1                 .L0 
802008ae 802008ae        0     1                 .L0 
802008ae 802008ae        0     1                 .L0 
802008b2 802008b2        0     1                 .L0 
802008b2 802008b2        0     1                 .L0 
802008b4 802008b4        0     1                 .L0 
802008b4 802008b4        0     1                 .L0 
802008b4 802008b4        0     1                 .L0 
802008b6 802008b6        0     1                 .L0 
802008ba 802008ba        0     1                 .L0 
802008be 802008be        0     1                 .L0 
802008c4 802008c4        0     1                 .L0 
802008d4 802008d4        0     1                 .L0 
802008d4 802008d4        0     1                 .L0 
802008e0 802008e0        0     1                 .L0 
802008e0 802008e0        0     1                 .L0 
802008e4 802008e4        0     1                 .L0 
802008e4 802008e4        0     1                 .L0 
802008e6 802008e6        0     1                 .L0 
802008ec 802008ec        0     1                 .L0 
802008ec 802008ec        0     1                 .L0 
802008f4 802008f4        0     1                 .L0 
802008f4 802008f4        0     1                 .L0 
802008fe 802008fe        0     1                 .L0 
80200902 80200902        0     1                 .L0 
80200906 80200906        0     1                 .L0 
80200906 80200906        0     1                 .L0 
80200906 80200906        0     1                 .L0 
8020090c 8020090c        0     1                 .L0 
8020090c 8020090c        0     1                 .L0 
80200910 80200910        0     1                 .L0 
80200912 80200912        0     1                 .L0 
80200916 80200916        0     1                 .L0 
80200916 80200916        0     1                 .L0 
80200916 80200916        0     1                 .L0 
80200920 80200920        0     1                 .L0 
80200920 80200920        0     1                 .L0 
80200924 80200924        0     1                 .L0 
80200924 80200924        0     1                 .L0 
80200926 80200926        0     1                 .L0 
8020092a 8020092a        0     1                 .L0 
8020092c 8020092c        0     1                 .L0 
8020092c 8020092c        0     1                 .L0 
80200932 80200932        0     1                 .L0 
80200932 80200932        0     1                 .L0 
80200934 80200934        0     1                 .L0 
80200938 80200938        0     1                 .L0 
8020093a 8020093a        0     1                 .L0 
8020093a 8020093a        0     1                 .L0 
80200940 80200940        0     1                 .L0 
80200940 80200940        0     1                 .L0 
80200942 80200942        0     1                 .L0 
80200946 80200946        0     1                 .L0 
80200948 80200948        0     1                 .L0 
80200948 80200948        0     1                 .L0 
8020094e 8020094e        0     1                 .L0 
8020094e 8020094e        0     1                 .L0 
80200950 80200950        0     1                 .L0 
80200954 80200954        0     1                 .L0 
80200956 80200956        0     1                 .L0 
80200956 80200956        0     1                 .L0 
8020095c 8020095c        0     1                 .L0 
8020095c 8020095c        0     1                 .L0 
8020095e 8020095e        0     1                 .L0 
80200962 80200962        0     1                 .L0 
80200964 80200964        0     1                 .L0 
80200964 80200964        0     1                 .L0 
8020096a 8020096a        0     1                 .L0 
8020096a 8020096a        0     1                 .L0 
8020096c 8020096c        0     1                 .L0 
80200970 80200970        0     1                 .L0 
80200972 80200972        0     1                 .L0 
80200972 80200972        0     1                 .L0 
80200978 80200978        0     1                 .L0 
80200978 80200978        0     1                 .L0 
8020097a 8020097a        0     1                 .L0 
8020097e 8020097e        0     1                 .L0 
80200980 80200980        0     1                 .L0 
80200980 80200980        0     1                 .L0 
80200982 80200982        0     1                 .L0 
80200984 80200984        0     1                 .L0 
80200988 80200988        0     1                 .L0 
80200988 80200988        0     1                 .L0 
8020098a 8020098a        0     1                 .L0 
8020098a 8020098a        0     1                 .L0 
8020098a 8020098a        0     1                 .L0 
80200990 80200990        0     1                 .L0 
80200990 80200990        0     1                 .L0 
80200990 80200990        0     1                 .L0 
80200996 80200996        0     1                 .L0 
80200996 80200996        0     1                 .L0 
8020099a 8020099a        0     1                 .L0 
8020099c 8020099c        0     1                 .L0 
802009a0 802009a0        0     1                 .L0 
802009a0 802009a0        0     1                 .L0 
802009a0 802009a0        0     1                 .L0 
802009a6 802009a6        0     1                 .L0 
802009a8 802009a8        0     1                 .L0 
802009ac 802009ac        0     1                 .L0 
802009b0 802009b0        0     1                 .L0 
802009b0 802009b0        0     1                 .L0 
802009b0 802009b0        0     1                 .L0 
802009b2 802009b2        0     1                 .L0 
802009b2 802009b2        0     1                 .L0 
802009b6 802009b6        0     1                 .L0 
802009ba 802009ba        0     1                 .L0 
802009c0 802009c0        0     1                 .L0 
802009c0 802009c0        0     1                 .L0 
802009ce 802009ce        0     1                 .L0 
802009ce 802009ce        0     1                 .L0 
802009d4 802009d4        0     1                 .L0 
802009d4 802009d4        0     1                 .L0 
802009d4 802009d4        0     1                 .L0 
802009d8 802009d8        0     1                 .L0 
802009ee 802009ee        0     1                 .L0 
802009f2 802009f2        0     1                 .L0 
802009f2 802009f2        0     1                 .L0 
802009f4 802009f4      104     4 .rodata
802009f4 802009f4      104     1         <internal>:(.rodata.str1.1)
80200af8 80200af8        4     4 .data
80200af8 80200af8        4     4         /var/folders/96/s5k82x7d0f7976tj4gzyfr6r0000gn/T/kernel-5ae4bc.o:(.data)
80200af8 80200af8        4     1                 allocate_pages.next_paddr
80200af8 80200af8        0     1                 $d
80200afc 80200afc    10070     4 .bss
80200afc 80200afc        0     1         __bss = .
80200afc 80200afc    10070     4         /var/folders/96/s5k82x7d0f7976tj4gzyfr6r0000gn/T/kernel-5ae4bc.o:(.bss)
80200afc 80200afc        0     1                 $d
80200afc 80200afc    10060     1                 procs
80210b5c 80210b5c       10     1                 .L_MergedGlobals
80210b5c 80210b5c        4     1                 idle_proc
80210b60 80210b60        4     1                 current_proc
80210b64 80210b64        4     1                 proc_a
80210b68 80210b68        4     1                 proc_b
80210b6c 80210b6c        0     1         __bss_end = .
80210b6c 80210b6c        4     1 . = ALIGN(16)
80210b70 80210b70    20000     1 . += 128 * 1024
80230b70 80230b70        0     1 __stack_top = .
80230b70 80230b70      490     1 . = ALIGN(4096)
80231000 80231000        0     1 __free_ram = .
80231000 80231000  4000000     1 . += 64 * 1024 * 1024
84231000 84231000        0     1 __free_ram_end = .
       0        0      a5c     1 .debug_loclists
       0        0      8d0     1         /var/folders/96/s5k82x7d0f7976tj4gzyfr6r0000gn/T/kernel-5ae4bc.o:(.debug_loclists)
       0        0        0     1                 $d
       c        c        0     1                 .L0 
     8d0      8d0      18c     1         /var/folders/96/s5k82x7d0f7976tj4gzyfr6r0000gn/T/common-c36d09.o:(.debug_loclists)
     8d0      8d0        0     1                 $d
     8dc      8dc        0     1                 .L0 
       0        0      37e     1 .debug_abbrev
       0        0      24f     1         /var/folders/96/s5k82x7d0f7976tj4gzyfr6r0000gn/T/kernel-5ae4bc.o:(.debug_abbrev)
       0        0        0     1                 $d
     24f      24f      12f     1         /var/folders/96/s5k82x7d0f7976tj4gzyfr6r0000gn/T/common-c36d09.o:(.debug_abbrev)
     24f      24f        0     1                 $d
       0        0      af9     1 .debug_info
       0        0      8d5     1         /var/folders/96/s5k82x7d0f7976tj4gzyfr6r0000gn/T/kernel-5ae4bc.o:(.debug_info)
       0        0        0     1                 $d
     8d5      8d5      224     1         /var/folders/96/s5k82x7d0f7976tj4gzyfr6r0000gn/T/common-c36d09.o:(.debug_info)
     8d5      8d5        0     1                 $d
       0        0       c5     1 .debug_rnglists
       0        0       aa     1         /var/folders/96/s5k82x7d0f7976tj4gzyfr6r0000gn/T/kernel-5ae4bc.o:(.debug_rnglists)
       0        0        0     1                 $d
       c        c        0     1                 .L0 
      aa       aa       1b     1         /var/folders/96/s5k82x7d0f7976tj4gzyfr6r0000gn/T/common-c36d09.o:(.debug_rnglists)
      aa       aa        0     1                 $d
      b6       b6        0     1                 .L0 
       0        0      220     1 .debug_str_offsets
       0        0      190     1         /var/folders/96/s5k82x7d0f7976tj4gzyfr6r0000gn/T/kernel-5ae4bc.o:(.debug_str_offsets)
       0        0        0     1                 $d
       8        8        0     1                 .L0 
     190      190       90     1         /var/folders/96/s5k82x7d0f7976tj4gzyfr6r0000gn/T/common-c36d09.o:(.debug_str_offsets)
     190      190        0     1                 $d
     198      198        0     1                 .L0 
       0        0      2ec     1 .debug_str
       0        0      2ec     1         <internal>:(.debug_str)
       0        0      13c     1 .debug_addr
       0        0       e0     1         /var/folders/96/s5k82x7d0f7976tj4gzyfr6r0000gn/T/kernel-5ae4bc.o:(.debug_addr)
       0        0        0     1                 $d
       8        8        0     1                 .L0 
      e0       e0       5c     1         /var/folders/96/s5k82x7d0f7976tj4gzyfr6r0000gn/T/common-c36d09.o:(.debug_addr)
      e0       e0        0     1                 $d
      e8       e8        0     1                 .L0 
       0        0       3b     1 .comment
       0        0       3b     1         <internal>:(.comment)
       0        0       4e     1 .riscv.attributes
       0        0       4e     1         <internal>:(.riscv.attributes)
       0        0      1c0     4 .debug_frame
       0        0      128     4         /var/folders/96/s5k82x7d0f7976tj4gzyfr6r0000gn/T/kernel-5ae4bc.o:(.debug_frame)
       0        0        0     1                 .L0 
       0        0        0     1                 $d
     128      128       98     4         /var/folders/96/s5k82x7d0f7976tj4gzyfr6r0000gn/T/common-c36d09.o:(.debug_frame)
     128      128        0     1                 .L0 
     128      128        0     1                 $d
       0        0      a46     1 .debug_line
       0        0      76c     1         /var/folders/96/s5k82x7d0f7976tj4gzyfr6r0000gn/T/kernel-5ae4bc.o:(.debug_line)
       0        0        0     1                 .Lline_table_start0
       0        0        0     1                 $d
     76c      76c      2da     1         /var/folders/96/s5k82x7d0f7976tj4gzyfr6r0000gn/T/common-c36d09.o:(.debug_line)
     76c      76c        0     1                 .Lline_table_start0
     76c      76c        0     1                 $d
       0        0       53     1 .debug_line_str
       0        0       53     1         <internal>:(.debug_line_str)
       0        0      3f0     4 .symtab
       0        0      3f0     4         <internal>:(.symtab)
       0        0       dc     1 .shstrtab
       0        0       dc     1         <internal>:(.shstrtab)
       0        0      195     1 .strtab
       0        0      195     1         <internal>:(.strtab)
