     VMA      LMA     Size Align Out     In      Symbol
       0        0 80200000     1 . = 0x80200000
80200000 80200000      204     2 .text
80200000 80200000        e     2         /var/folders/96/s5k82x7d0f7976tj4gzyfr6r0000gn/T/kernel-dd8ed9.o:(.text.boot)
80200000 80200000        0     1                 .L0 
80200000 80200000        0     1                 .L0 
80200000 80200000        0     1                 $x
80200000 80200000        0     1                 .L0 
80200000 80200000        e     1                 boot
8020000e 8020000e        0     1                 .L0 
8020000e 8020000e        0     1                 .L0 
8020000e 8020000e       4a     2         /var/folders/96/s5k82x7d0f7976tj4gzyfr6r0000gn/T/kernel-dd8ed9.o:(.text)
8020000e 8020000e        0     1                 .L0 
8020000e 8020000e        0     1                 .L0 
8020000e 8020000e        0     1                 $x
8020000e 8020000e        0     1                 .L0 
8020000e 8020000e        6     1                 sbi_call
80200012 80200012        0     1                 .L0 
80200014 80200014        0     1                 .L0 
80200014 80200014        0     1                 .L0 
80200014 80200014        0     1                 .L0 
80200014 80200014       14     1                 putchar
80200026 80200026        0     1                 .L0 
80200028 80200028        0     1                 .L0 
80200028 80200028        0     1                 .L0 
80200028 80200028        0     1                 .L0 
80200028 80200028       30     1                 main
8020002c 8020002c        0     1                 .L0 
80200042 80200042        0     1                 .L0 
80200042 80200042        0     1                 .L0 
80200052 80200052        0     1                 .L0 
80200052 80200052        0     1                 .L0 
80200056 80200056        0     1                 .L0 
80200058 80200058        0     1                 .L0 
80200058 80200058        0     1                 .L0 
80200058 80200058      1ac     2         /var/folders/96/s5k82x7d0f7976tj4gzyfr6r0000gn/T/common-31f5ec.o:(.text)
80200058 80200058        0     1                 .L0 
80200058 80200058        0     1                 .L0 
80200058 80200058        0     1                 $x
80200058 80200058        0     1                 .L0 
80200058 80200058       12     1                 memset
8020005c 8020005c        0     1                 .L0 
80200064 80200064        0     1                 .L0 
80200068 80200068        0     1                 .L0 
8020006a 8020006a        0     1                 .L0 
8020006a 8020006a        0     1                 .L0 
8020006a 8020006a        0     1                 .L0 
8020006a 8020006a      19a     1                 printf
80200086 80200086        0     1                 .L0 
802000b4 802000b4        0     1                 .L0 
802000c0 802000c0        0     1                 .L0 
802000c0 802000c0        0     1                 .L0 
802000c4 802000c4        0     1                 .L0 
802000c4 802000c4        0     1                 .L0 
802000c6 802000c6        0     1                 .L0 
802000c6 802000c6        0     1                 .L0 
802000c6 802000c6        0     1                 .L0 
802000c8 802000c8        0     1                 .L0 
802000cc 802000cc        0     1                 .L0 
802000d0 802000d0        0     1                 .L0 
802000d6 802000d6        0     1                 .L0 
802000e6 802000e6        0     1                 .L0 
802000e6 802000e6        0     1                 .L0 
802000f2 802000f2        0     1                 .L0 
802000f2 802000f2        0     1                 .L0 
802000f6 802000f6        0     1                 .L0 
802000f6 802000f6        0     1                 .L0 
802000f8 802000f8        0     1                 .L0 
802000fe 802000fe        0     1                 .L0 
802000fe 802000fe        0     1                 .L0 
80200106 80200106        0     1                 .L0 
80200106 80200106        0     1                 .L0 
80200110 80200110        0     1                 .L0 
80200114 80200114        0     1                 .L0 
80200118 80200118        0     1                 .L0 
80200118 80200118        0     1                 .L0 
80200118 80200118        0     1                 .L0 
8020011e 8020011e        0     1                 .L0 
8020011e 8020011e        0     1                 .L0 
80200122 80200122        0     1                 .L0 
80200124 80200124        0     1                 .L0 
80200128 80200128        0     1                 .L0 
80200128 80200128        0     1                 .L0 
80200128 80200128        0     1                 .L0 
80200132 80200132        0     1                 .L0 
80200132 80200132        0     1                 .L0 
80200136 80200136        0     1                 .L0 
80200136 80200136        0     1                 .L0 
80200138 80200138        0     1                 .L0 
8020013c 8020013c        0     1                 .L0 
8020013e 8020013e        0     1                 .L0 
8020013e 8020013e        0     1                 .L0 
80200144 80200144        0     1                 .L0 
80200144 80200144        0     1                 .L0 
80200146 80200146        0     1                 .L0 
8020014a 8020014a        0     1                 .L0 
8020014c 8020014c        0     1                 .L0 
8020014c 8020014c        0     1                 .L0 
80200152 80200152        0     1                 .L0 
80200152 80200152        0     1                 .L0 
80200154 80200154        0     1                 .L0 
80200158 80200158        0     1                 .L0 
8020015a 8020015a        0     1                 .L0 
8020015a 8020015a        0     1                 .L0 
80200160 80200160        0     1                 .L0 
80200160 80200160        0     1                 .L0 
80200162 80200162        0     1                 .L0 
80200166 80200166        0     1                 .L0 
80200168 80200168        0     1                 .L0 
80200168 80200168        0     1                 .L0 
8020016e 8020016e        0     1                 .L0 
8020016e 8020016e        0     1                 .L0 
80200170 80200170        0     1                 .L0 
80200174 80200174        0     1                 .L0 
80200176 80200176        0     1                 .L0 
80200176 80200176        0     1                 .L0 
8020017c 8020017c        0     1                 .L0 
8020017c 8020017c        0     1                 .L0 
8020017e 8020017e        0     1                 .L0 
80200182 80200182        0     1                 .L0 
80200184 80200184        0     1                 .L0 
80200184 80200184        0     1                 .L0 
8020018a 8020018a        0     1                 .L0 
8020018a 8020018a        0     1                 .L0 
8020018c 8020018c        0     1                 .L0 
80200190 80200190        0     1                 .L0 
80200192 80200192        0     1                 .L0 
80200192 80200192        0     1                 .L0 
80200194 80200194        0     1                 .L0 
80200196 80200196        0     1                 .L0 
8020019a 8020019a        0     1                 .L0 
8020019a 8020019a        0     1                 .L0 
8020019c 8020019c        0     1                 .L0 
8020019c 8020019c        0     1                 .L0 
8020019c 8020019c        0     1                 .L0 
802001a2 802001a2        0     1                 .L0 
802001a2 802001a2        0     1                 .L0 
802001a2 802001a2        0     1                 .L0 
802001a8 802001a8        0     1                 .L0 
802001a8 802001a8        0     1                 .L0 
802001ac 802001ac        0     1                 .L0 
802001ae 802001ae        0     1                 .L0 
802001b2 802001b2        0     1                 .L0 
802001b2 802001b2        0     1                 .L0 
802001b2 802001b2        0     1                 .L0 
802001b8 802001b8        0     1                 .L0 
802001ba 802001ba        0     1                 .L0 
802001be 802001be        0     1                 .L0 
802001c2 802001c2        0     1                 .L0 
802001c2 802001c2        0     1                 .L0 
802001c2 802001c2        0     1                 .L0 
802001c4 802001c4        0     1                 .L0 
802001c4 802001c4        0     1                 .L0 
802001c8 802001c8        0     1                 .L0 
802001cc 802001cc        0     1                 .L0 
802001d2 802001d2        0     1                 .L0 
802001d2 802001d2        0     1                 .L0 
802001e0 802001e0        0     1                 .L0 
802001e0 802001e0        0     1                 .L0 
802001e6 802001e6        0     1                 .L0 
802001e6 802001e6        0     1                 .L0 
802001e6 802001e6        0     1                 .L0 
802001ea 802001ea        0     1                 .L0 
80200200 80200200        0     1                 .L0 
80200204 80200204        0     1                 .L0 
80200204 80200204        0     1                 .L0 
80200204 80200204       20     4 .rodata
80200204 80200204       20     1         <internal>:(.rodata.str1.1)
80200224 80200224        0     4 .bss
80200224 80200224        0     1         __bss = .
80200224 80200224        0     1         __bss_end = .
80200224 80200224        c     1 . = ALIGN(16)
80200230 80200230    20000     1 . += 128 * 1024
80220230 80220230        0     1 __stack_top = .
       0        0      16a     1 .debug_loclists
       0        0       3a     1         /var/folders/96/s5k82x7d0f7976tj4gzyfr6r0000gn/T/kernel-dd8ed9.o:(.debug_loclists)
       0        0        0     1                 $d
       c        c        0     1                 .L0 
      3a       3a      130     1         /var/folders/96/s5k82x7d0f7976tj4gzyfr6r0000gn/T/common-31f5ec.o:(.debug_loclists)
      3a       3a        0     1                 $d
      46       46        0     1                 .L0 
       0        0      296     1 .debug_abbrev
       0        0      179     1         /var/folders/96/s5k82x7d0f7976tj4gzyfr6r0000gn/T/kernel-dd8ed9.o:(.debug_abbrev)
       0        0        0     1                 $d
     179      179      11d     1         /var/folders/96/s5k82x7d0f7976tj4gzyfr6r0000gn/T/common-31f5ec.o:(.debug_abbrev)
     179      179        0     1                 $d
       0        0      3b6     1 .debug_info
       0        0      249     1         /var/folders/96/s5k82x7d0f7976tj4gzyfr6r0000gn/T/kernel-dd8ed9.o:(.debug_info)
       0        0        0     1                 $d
     249      249      16d     1         /var/folders/96/s5k82x7d0f7976tj4gzyfr6r0000gn/T/common-31f5ec.o:(.debug_info)
     249      249        0     1                 $d
       0        0       32     1 .debug_rnglists
       0        0       17     1         /var/folders/96/s5k82x7d0f7976tj4gzyfr6r0000gn/T/kernel-dd8ed9.o:(.debug_rnglists)
       0        0        0     1                 $d
       c        c        0     1                 .L0 
      17       17       1b     1         /var/folders/96/s5k82x7d0f7976tj4gzyfr6r0000gn/T/common-31f5ec.o:(.debug_rnglists)
      17       17        0     1                 $d
      23       23        0     1                 .L0 
       0        0       ec     1 .debug_str_offsets
       0        0       8c     1         /var/folders/96/s5k82x7d0f7976tj4gzyfr6r0000gn/T/kernel-dd8ed9.o:(.debug_str_offsets)
       0        0        0     1                 $d
       8        8        0     1                 .L0 
      8c       8c       60     1         /var/folders/96/s5k82x7d0f7976tj4gzyfr6r0000gn/T/common-31f5ec.o:(.debug_str_offsets)
      8c       8c        0     1                 $d
      94       94        0     1                 .L0 
       0        0      146     1 .debug_str
       0        0      146     1         <internal>:(.debug_str)
       0        0       74     1 .debug_addr
       0        0       24     1         /var/folders/96/s5k82x7d0f7976tj4gzyfr6r0000gn/T/kernel-dd8ed9.o:(.debug_addr)
       0        0        0     1                 $d
       8        8        0     1                 .L0 
      24       24       50     1         /var/folders/96/s5k82x7d0f7976tj4gzyfr6r0000gn/T/common-31f5ec.o:(.debug_addr)
      24       24        0     1                 $d
      2c       2c        0     1                 .L0 
       0        0       3b     1 .comment
       0        0       3b     1         <internal>:(.comment)
       0        0       4e     1 .riscv.attributes
       0        0       4e     1         <internal>:(.riscv.attributes)
       0        0       c4     4 .debug_frame
       0        0       5c     4         /var/folders/96/s5k82x7d0f7976tj4gzyfr6r0000gn/T/kernel-dd8ed9.o:(.debug_frame)
       0        0        0     1                 .L0 
       0        0        0     1                 $d
      5c       5c       68     4         /var/folders/96/s5k82x7d0f7976tj4gzyfr6r0000gn/T/common-31f5ec.o:(.debug_frame)
      5c       5c        0     1                 .L0 
      5c       5c        0     1                 $d
       0        0      2f9     1 .debug_line
       0        0       cf     1         /var/folders/96/s5k82x7d0f7976tj4gzyfr6r0000gn/T/kernel-dd8ed9.o:(.debug_line)
       0        0        0     1                 .Lline_table_start0
       0        0        0     1                 $d
      cf       cf      22a     1         /var/folders/96/s5k82x7d0f7976tj4gzyfr6r0000gn/T/common-31f5ec.o:(.debug_line)
      cf       cf        0     1                 .Lline_table_start0
      cf       cf        0     1                 $d
       0        0       53     1 .debug_line_str
       0        0       53     1         <internal>:(.debug_line_str)
       0        0      290     4 .symtab
       0        0      290     4         <internal>:(.symtab)
       0        0       d6     1 .shstrtab
       0        0       d6     1         <internal>:(.shstrtab)
       0        0       af     1 .strtab
       0        0       af     1         <internal>:(.strtab)
