     VMA      LMA     Size Align Out     In      Symbol
       0        0 80200000     1 . = 0x80200000
80200000 80200000      3f6     4 .text
80200000 80200000        e     2         /var/folders/96/s5k82x7d0f7976tj4gzyfr6r0000gn/T/kernel-d704ec.o:(.text.boot)
80200000 80200000        0     1                 .L0 
80200000 80200000        0     1                 .L0 
80200000 80200000        0     1                 $x
80200000 80200000        0     1                 .L0 
80200000 80200000        e     1                 boot
8020000e 8020000e        0     1                 .L0 
8020000e 8020000e        0     1                 .L0 
80200010 80200010      1de     4         /var/folders/96/s5k82x7d0f7976tj4gzyfr6r0000gn/T/kernel-d704ec.o:(.text)
80200010 80200010        0     1                 .L0 
80200010 80200010        0     1                 .L0 
80200010 80200010        0     1                 $x
80200010 80200010        0     1                 .L0 
80200010 80200010       90     1                 kernel_entry
802000a0 802000a0        0     1                 .L0 
802000a0 802000a0        0     1                 .L0 
802000a0 802000a0        0     1                 .L0 
802000a0 802000a0        0     1                 .L0 
802000a0 802000a0        0     1                 .L0 
802000a0 802000a0       28     1                 handle_trap
802000a4 802000a4        0     1                 .L0 
802000a4 802000a4        0     1                 .L0 
802000a8 802000a8        0     1                 .L0 
802000a8 802000a8        0     1                 .L0 
802000ac 802000ac        0     1                 .L0 
802000ac 802000ac        0     1                 .L0 
802000b0 802000b0        0     1                 .L0 
802000b0 802000b0        0     1                 .L0 
802000b4 802000b4        0     1                 .L0 
802000c6 802000c6        0     1                 .L0 
802000c8 802000c8        0     1                 .L0 
802000c8 802000c8        0     1                 .L0 
802000c8 802000c8        0     1                 .L0 
802000c8 802000c8        0     1                 .L0 
802000c8 802000c8        0     1                 .L0 
802000c8 802000c8        6     1                 sbi_call
802000cc 802000cc        0     1                 .L0 
802000cc 802000cc        0     1                 .L0 
802000ce 802000ce        0     1                 .L0 
802000ce 802000ce        0     1                 .L0 
802000ce 802000ce        0     1                 .L0 
802000ce 802000ce       14     1                 putchar
802000e0 802000e0        0     1                 .L0 
802000e0 802000e0        0     1                 .L0 
802000e2 802000e2        0     1                 .L0 
802000e2 802000e2        0     1                 .L0 
802000e2 802000e2        0     1                 .L0 
802000e2 802000e2       4e     1                 allocate_pages
802000e8 802000e8        0     1                 .L0 
802000e8 802000e8        0     1                 .L0 
802000f0 802000f0        0     1                 .L0 
802000f0 802000f0        0     1                 .L0 
802000f4 802000f4        0     1                 .L0 
802000f8 802000f8        0     1                 .L0 
802000f8 802000f8        0     1                 .L0 
80200100 80200100        0     1                 .L0 
80200104 80200104        0     1                 .L0 
80200108 80200108        0     1                 .L0 
8020011e 8020011e        0     1                 .L0 
80200120 80200120        0     1                 .L0 
80200120 80200120        0     1                 .L0 
80200126 80200126        0     1                 .L0 
80200126 80200126        0     1                 .L0 
80200128 80200128        0     1                 .L0 
8020012c 8020012c        0     1                 .L0 
8020012c 8020012c        0     1                 .L0 
80200130 80200130        0     1                 .L0 
80200130 80200130        0     1                 .L0 
80200130 80200130        0     1                 .L0 
80200130 80200130        0     1                 .L0 
80200130 80200130        0     1                 .L0 
80200130 80200130       be     1                 main
8020013c 8020013c        0     1                 .L0 
80200152 80200152        0     1                 .L0 
80200152 80200152        0     1                 .L0 
8020015a 8020015a        0     1                 .L0 
8020015a 8020015a        0     1                 .L0 
8020015c 8020015c        0     1                 .L0 
8020015e 8020015e        0     1                 .L0 
80200166 80200166        0     1                 .L0 
8020016a 8020016a        0     1                 .L0 
8020016e 8020016e        0     1                 .L0 
80200184 80200184        0     1                 .L0 
80200186 80200186        0     1                 .L0 
80200186 80200186        0     1                 .L0 
8020018e 8020018e        0     1                 .L0 
8020018e 8020018e        0     1                 .L0 
80200192 80200192        0     1                 .L0 
80200192 80200192        0     1                 .L0 
80200194 80200194        0     1                 .L0 
8020019a 8020019a        0     1                 .L0 
8020019e 8020019e        0     1                 .L0 
8020019e 8020019e        0     1                 .L0 
802001b4 802001b4        0     1                 .L0 
802001b6 802001b6        0     1                 .L0 
802001b6 802001b6        0     1                 .L0 
802001be 802001be        0     1                 .L0 
802001be 802001be        0     1                 .L0 
802001ca 802001ca        0     1                 .L0 
802001ca 802001ca        0     1                 .L0 
802001d6 802001d6        0     1                 .L0 
802001d6 802001d6        0     1                 .L0 
802001ec 802001ec        0     1                 .L0 
802001ee 802001ee        0     1                 .L0 
802001ee 802001ee        0     1                 .L0 
802001ee 802001ee      208     2         /var/folders/96/s5k82x7d0f7976tj4gzyfr6r0000gn/T/common-1c9f61.o:(.text)
802001ee 802001ee        0     1                 .L0 
802001ee 802001ee        0     1                 .L0 
802001ee 802001ee        0     1                 $x
802001ee 802001ee        0     1                 .L0 
802001ee 802001ee       12     1                 memset
802001f2 802001f2        0     1                 .L0 
802001fa 802001fa        0     1                 .L0 
802001fe 802001fe        0     1                 .L0 
80200200 80200200        0     1                 .L0 
80200200 80200200        0     1                 .L0 
80200200 80200200        0     1                 .L0 
80200200 80200200       18     1                 memcpy
80200204 80200204        0     1                 .L0 
80200212 80200212        0     1                 .L0 
80200216 80200216        0     1                 .L0 
80200218 80200218        0     1                 .L0 
80200218 80200218        0     1                 .L0 
80200218 80200218        0     1                 .L0 
80200218 80200218       20     1                 strcpy
8020021e 8020021e        0     1                 .L0 
80200222 80200222        0     1                 .L0 
8020022e 8020022e        0     1                 .L0 
80200232 80200232        0     1                 .L0 
80200236 80200236        0     1                 .L0 
80200238 80200238        0     1                 .L0 
80200238 80200238        0     1                 .L0 
80200238 80200238        0     1                 .L0 
80200238 80200238       24     1                 strcmp
8020023c 8020023c        0     1                 .L0 
8020023e 8020023e        0     1                 .L0 
80200244 80200244        0     1                 .L0 
80200248 80200248        0     1                 .L0 
8020024e 8020024e        0     1                 .L0 
80200252 80200252        0     1                 .L0 
8020025a 8020025a        0     1                 .L0 
8020025c 8020025c        0     1                 .L0 
8020025c 8020025c        0     1                 .L0 
8020025c 8020025c        0     1                 .L0 
8020025c 8020025c      19a     1                 printf
80200278 80200278        0     1                 .L0 
802002a6 802002a6        0     1                 .L0 
802002b2 802002b2        0     1                 .L0 
802002b2 802002b2        0     1                 .L0 
802002b6 802002b6        0     1                 .L0 
802002b6 802002b6        0     1                 .L0 
802002b8 802002b8        0     1                 .L0 
802002b8 802002b8        0     1                 .L0 
802002b8 802002b8        0     1                 .L0 
802002ba 802002ba        0     1                 .L0 
802002be 802002be        0     1                 .L0 
802002c2 802002c2        0     1                 .L0 
802002c8 802002c8        0     1                 .L0 
802002d8 802002d8        0     1                 .L0 
802002d8 802002d8        0     1                 .L0 
802002e4 802002e4        0     1                 .L0 
802002e4 802002e4        0     1                 .L0 
802002e8 802002e8        0     1                 .L0 
802002e8 802002e8        0     1                 .L0 
802002ea 802002ea        0     1                 .L0 
802002f0 802002f0        0     1                 .L0 
802002f0 802002f0        0     1                 .L0 
802002f8 802002f8        0     1                 .L0 
802002f8 802002f8        0     1                 .L0 
80200302 80200302        0     1                 .L0 
80200306 80200306        0     1                 .L0 
8020030a 8020030a        0     1                 .L0 
8020030a 8020030a        0     1                 .L0 
8020030a 8020030a        0     1                 .L0 
80200310 80200310        0     1                 .L0 
80200310 80200310        0     1                 .L0 
80200314 80200314        0     1                 .L0 
80200316 80200316        0     1                 .L0 
8020031a 8020031a        0     1                 .L0 
8020031a 8020031a        0     1                 .L0 
8020031a 8020031a        0     1                 .L0 
80200324 80200324        0     1                 .L0 
80200324 80200324        0     1                 .L0 
80200328 80200328        0     1                 .L0 
80200328 80200328        0     1                 .L0 
8020032a 8020032a        0     1                 .L0 
8020032e 8020032e        0     1                 .L0 
80200330 80200330        0     1                 .L0 
80200330 80200330        0     1                 .L0 
80200336 80200336        0     1                 .L0 
80200336 80200336        0     1                 .L0 
80200338 80200338        0     1                 .L0 
8020033c 8020033c        0     1                 .L0 
8020033e 8020033e        0     1                 .L0 
8020033e 8020033e        0     1                 .L0 
80200344 80200344        0     1                 .L0 
80200344 80200344        0     1                 .L0 
80200346 80200346        0     1                 .L0 
8020034a 8020034a        0     1                 .L0 
8020034c 8020034c        0     1                 .L0 
8020034c 8020034c        0     1                 .L0 
80200352 80200352        0     1                 .L0 
80200352 80200352        0     1                 .L0 
80200354 80200354        0     1                 .L0 
80200358 80200358        0     1                 .L0 
8020035a 8020035a        0     1                 .L0 
8020035a 8020035a        0     1                 .L0 
80200360 80200360        0     1                 .L0 
80200360 80200360        0     1                 .L0 
80200362 80200362        0     1                 .L0 
80200366 80200366        0     1                 .L0 
80200368 80200368        0     1                 .L0 
80200368 80200368        0     1                 .L0 
8020036e 8020036e        0     1                 .L0 
8020036e 8020036e        0     1                 .L0 
80200370 80200370        0     1                 .L0 
80200374 80200374        0     1                 .L0 
80200376 80200376        0     1                 .L0 
80200376 80200376        0     1                 .L0 
8020037c 8020037c        0     1                 .L0 
8020037c 8020037c        0     1                 .L0 
8020037e 8020037e        0     1                 .L0 
80200382 80200382        0     1                 .L0 
80200384 80200384        0     1                 .L0 
80200384 80200384        0     1                 .L0 
80200386 80200386        0     1                 .L0 
80200388 80200388        0     1                 .L0 
8020038c 8020038c        0     1                 .L0 
8020038c 8020038c        0     1                 .L0 
8020038e 8020038e        0     1                 .L0 
8020038e 8020038e        0     1                 .L0 
8020038e 8020038e        0     1                 .L0 
80200394 80200394        0     1                 .L0 
80200394 80200394        0     1                 .L0 
80200394 80200394        0     1                 .L0 
8020039a 8020039a        0     1                 .L0 
8020039a 8020039a        0     1                 .L0 
8020039e 8020039e        0     1                 .L0 
802003a0 802003a0        0     1                 .L0 
802003a4 802003a4        0     1                 .L0 
802003a4 802003a4        0     1                 .L0 
802003a4 802003a4        0     1                 .L0 
802003aa 802003aa        0     1                 .L0 
802003ac 802003ac        0     1                 .L0 
802003b0 802003b0        0     1                 .L0 
802003b4 802003b4        0     1                 .L0 
802003b4 802003b4        0     1                 .L0 
802003b4 802003b4        0     1                 .L0 
802003b6 802003b6        0     1                 .L0 
802003b6 802003b6        0     1                 .L0 
802003ba 802003ba        0     1                 .L0 
802003be 802003be        0     1                 .L0 
802003c4 802003c4        0     1                 .L0 
802003c4 802003c4        0     1                 .L0 
802003d2 802003d2        0     1                 .L0 
802003d2 802003d2        0     1                 .L0 
802003d8 802003d8        0     1                 .L0 
802003d8 802003d8        0     1                 .L0 
802003d8 802003d8        0     1                 .L0 
802003dc 802003dc        0     1                 .L0 
802003f2 802003f2        0     1                 .L0 
802003f6 802003f6        0     1                 .L0 
802003f6 802003f6        0     1                 .L0 
802003f8 802003f8       a8     4 .rodata
802003f8 802003f8       a8     1         <internal>:(.rodata.str1.1)
802004a0 802004a0        4     4 .data
802004a0 802004a0        4     4         /var/folders/96/s5k82x7d0f7976tj4gzyfr6r0000gn/T/kernel-d704ec.o:(.data)
802004a0 802004a0        4     1                 allocate_pages.next_paddr
802004a0 802004a0        0     1                 $d
802004a4 802004a4        0     4 .bss
802004a4 802004a4        0     1         __bss = .
802004a4 802004a4        0     1         __bss_end = .
802004a4 802004a4        c     1 . = ALIGN(16)
802004b0 802004b0    20000     1 . += 128 * 1024
802204b0 802204b0        0     1 __stack_top = .
802204b0 802204b0      b50     1 . = ALIGN(4096)
80221000 80221000        0     1 __free_ram = .
80221000 80221000  4000000     1 . += 64 * 1024 * 1024
84221000 84221000        0     1 __free_ram_end = .
       0        0      25e     1 .debug_loclists
       0        0       d2     1         /var/folders/96/s5k82x7d0f7976tj4gzyfr6r0000gn/T/kernel-d704ec.o:(.debug_loclists)
       0        0        0     1                 $d
       c        c        0     1                 .L0 
      d2       d2      18c     1         /var/folders/96/s5k82x7d0f7976tj4gzyfr6r0000gn/T/common-1c9f61.o:(.debug_loclists)
      d2       d2        0     1                 $d
      de       de        0     1                 .L0 
       0        0      2e5     1 .debug_abbrev
       0        0      1b6     1         /var/folders/96/s5k82x7d0f7976tj4gzyfr6r0000gn/T/kernel-d704ec.o:(.debug_abbrev)
       0        0        0     1                 $d
     1b6      1b6      12f     1         /var/folders/96/s5k82x7d0f7976tj4gzyfr6r0000gn/T/common-1c9f61.o:(.debug_abbrev)
     1b6      1b6        0     1                 $d
       0        0      722     1 .debug_info
       0        0      4fe     1         /var/folders/96/s5k82x7d0f7976tj4gzyfr6r0000gn/T/kernel-d704ec.o:(.debug_info)
       0        0        0     1                 $d
     4fe      4fe      224     1         /var/folders/96/s5k82x7d0f7976tj4gzyfr6r0000gn/T/common-1c9f61.o:(.debug_info)
     4fe      4fe        0     1                 $d
       0        0       33     1 .debug_rnglists
       0        0       18     1         /var/folders/96/s5k82x7d0f7976tj4gzyfr6r0000gn/T/kernel-d704ec.o:(.debug_rnglists)
       0        0        0     1                 $d
       c        c        0     1                 .L0 
      18       18       1b     1         /var/folders/96/s5k82x7d0f7976tj4gzyfr6r0000gn/T/common-1c9f61.o:(.debug_rnglists)
      18       18        0     1                 $d
      24       24        0     1                 .L0 
       0        0      1b8     1 .debug_str_offsets
       0        0      128     1         /var/folders/96/s5k82x7d0f7976tj4gzyfr6r0000gn/T/kernel-d704ec.o:(.debug_str_offsets)
       0        0        0     1                 $d
       8        8        0     1                 .L0 
     128      128       90     1         /var/folders/96/s5k82x7d0f7976tj4gzyfr6r0000gn/T/common-1c9f61.o:(.debug_str_offsets)
     128      128        0     1                 $d
     130      130        0     1                 .L0 
       0        0      242     1 .debug_str
       0        0      242     1         <internal>:(.debug_str)
       0        0       d4     1 .debug_addr
       0        0       78     1         /var/folders/96/s5k82x7d0f7976tj4gzyfr6r0000gn/T/kernel-d704ec.o:(.debug_addr)
       0        0        0     1                 $d
       8        8        0     1                 .L0 
      78       78       5c     1         /var/folders/96/s5k82x7d0f7976tj4gzyfr6r0000gn/T/common-1c9f61.o:(.debug_addr)
      78       78        0     1                 $d
      80       80        0     1                 .L0 
       0        0       3b     1 .comment
       0        0       3b     1         <internal>:(.comment)
       0        0       4e     1 .riscv.attributes
       0        0       4e     1         <internal>:(.riscv.attributes)
       0        0      144     4 .debug_frame
       0        0       ac     4         /var/folders/96/s5k82x7d0f7976tj4gzyfr6r0000gn/T/kernel-d704ec.o:(.debug_frame)
       0        0        0     1                 .L0 
       0        0        0     1                 $d
      ac       ac       98     4         /var/folders/96/s5k82x7d0f7976tj4gzyfr6r0000gn/T/common-1c9f61.o:(.debug_frame)
      ac       ac        0     1                 .L0 
      ac       ac        0     1                 $d
       0        0      4a3     1 .debug_line
       0        0      1cb     1         /var/folders/96/s5k82x7d0f7976tj4gzyfr6r0000gn/T/kernel-d704ec.o:(.debug_line)
       0        0        0     1                 .Lline_table_start0
       0        0        0     1                 $d
     1cb      1cb      2d8     1         /var/folders/96/s5k82x7d0f7976tj4gzyfr6r0000gn/T/common-1c9f61.o:(.debug_line)
     1cb      1cb        0     1                 .Lline_table_start0
     1cb      1cb        0     1                 $d
       0        0       53     1 .debug_line_str
       0        0       53     1         <internal>:(.debug_line_str)
       0        0      330     4 .symtab
       0        0      330     4         <internal>:(.symtab)
       0        0       dc     1 .shstrtab
       0        0       dc     1         <internal>:(.shstrtab)
       0        0      123     1 .strtab
       0        0      123     1         <internal>:(.strtab)
